"C:\Program Files\Microsoft Visual Studio 12.0\Common7\IDE\devenv.exe" /diff "../../b.txt" "../../a.txt"