Event Configuration for Timer 

Tick:
	[0] Void StandardCallback(System.Object, System.EventArgs)
	[1] Void AnotherStandardCallback(System.Object, System.EventArgs)

